// Jest Snapshot v1, https://goo.gl/fbAQLP

exports[`Testing component should render component correctly 1`] = `
<Fragment>
  <div
    className="card animate__animated animate__fadeIn"
  >
    <img
      alt="algo"
      className="img"
      src="http://localhost:3000/"
    />
    <p
      className="card-title"
    >
      algo
    </p>
  </div>
</Fragment>
`;
